// Jest Snapshot v1, https://goo.gl/fbAQLP

exports[`should render DatePicker without errors 1`] = `
Object {
  "asFragment": [Function],
  "baseElement": <body>
    <div
      data-evergreen-toaster-container=""
    >
      <span
        class="css-1sugtjn"
      />
    </div>
    <div>
      <div
        class="ub-pst_relative ub-w_100prcnt ub-box-szg_border-box"
      >
        <div
          class="ub-dspl_flex ub-box-szg_border-box"
        >
          <input
            aria-invalid="false"
            class="css-12rdf6g ub-w_100prcnt ub-fnt-fam_b77syt ub-b-btm_1px-solid-transparent ub-b-lft_1px-solid-transparent ub-b-rgt_1px-solid-transparent ub-b-top_1px-solid-transparent ub-otln_iu2jf4 ub-txt-deco_none ub-bblr_4px ub-bbrr_4px ub-btlr_4px ub-btrr_4px ub-ln-ht_16px ub-fnt-sze_12px ub-color_474d66 ub-pl_12px ub-pr_12px ub-tstn_n1akt6 ub-h_32px ub-bg-clr_white ub-b-btm-clr_d8dae5 ub-b-lft-clr_d8dae5 ub-b-rgt-clr_d8dae5 ub-b-top-clr_d8dae5 ub-mr_12px ub-box-szg_border-box"
            disabled=""
            spellcheck="true"
            type="text"
            value="2022-08-09"
          />
          <button
            class="css-12b25td ub-pst_relative ub-f-wght_400 ub-dspl_inline-flex ub-algn-itms_center ub-flx-wrap_nowrap ub-just-cnt_center ub-txt-deco_none ub-ver-algn_middle ub-b-btm_1px-solid-c1c4d6 ub-b-lft_1px-solid-c1c4d6 ub-b-rgt_1px-solid-c1c4d6 ub-b-top_1px-solid-c1c4d6 ub-otln_iu2jf4 ub-usr-slct_none ub-crsr_pointer ub-wht-spc_nowrap ub-fnt-fam_b77syt ub-bblr_4px ub-bbrr_4px ub-btlr_4px ub-btrr_4px ub-color_474d66 ub-tstn_n1akt6 ub-h_32px ub-min-w_32px ub-fnt-sze_12px ub-ln-ht_16px ub-pl_0px ub-pr_0px ub-bg-clr_white ub-flx_none ub-w_32px ub-ltr-spc_0 ub-box-szg_border-box"
            type="button"
          >
            <div
              class="ub-dspl_inline-flex ub-box-szg_border-box"
            >
              <svg
                class="css-178dftq ub-w_14px ub-h_14px ub-box-szg_border-box"
                data-icon="calendar"
                viewBox="0 0 16 16"
              >
                <path
                  d="M11 3c.6 0 1-.5 1-1V1c0-.6-.4-1-1-1s-1 .4-1 1v1c0 .5.4 1 1 1zm3-2h-1v1c0 1.1-.9 2-2 2s-2-.9-2-2V1H6v1c0 1.1-.9 2-2 2s-2-.9-2-2V1H1c-.6 0-1 .5-1 1v12c0 .6.4 1 1 1h13c.6 0 1-.4 1-1V2c0-.6-.5-1-1-1zM5 13H2v-3h3v3zm0-4H2V6h3v3zm4 4H6v-3h3v3zm0-4H6V6h3v3zm4 4h-3v-3h3v3zm0-4h-3V6h3v3zM4 3c.6 0 1-.5 1-1V1c0-.6-.4-1-1-1S3 .4 3 1v1c0 .5.4 1 1 1z"
                  fill-rule="evenodd"
                />
              </svg>
            </div>
          </button>
        </div>
      </div>
    </div>
  </body>,
  "container": <div>
    <div
      class="ub-pst_relative ub-w_100prcnt ub-box-szg_border-box"
    >
      <div
        class="ub-dspl_flex ub-box-szg_border-box"
      >
        <input
          aria-invalid="false"
          class="css-12rdf6g ub-w_100prcnt ub-fnt-fam_b77syt ub-b-btm_1px-solid-transparent ub-b-lft_1px-solid-transparent ub-b-rgt_1px-solid-transparent ub-b-top_1px-solid-transparent ub-otln_iu2jf4 ub-txt-deco_none ub-bblr_4px ub-bbrr_4px ub-btlr_4px ub-btrr_4px ub-ln-ht_16px ub-fnt-sze_12px ub-color_474d66 ub-pl_12px ub-pr_12px ub-tstn_n1akt6 ub-h_32px ub-bg-clr_white ub-b-btm-clr_d8dae5 ub-b-lft-clr_d8dae5 ub-b-rgt-clr_d8dae5 ub-b-top-clr_d8dae5 ub-mr_12px ub-box-szg_border-box"
          disabled=""
          spellcheck="true"
          type="text"
          value="2022-08-09"
        />
        <button
          class="css-12b25td ub-pst_relative ub-f-wght_400 ub-dspl_inline-flex ub-algn-itms_center ub-flx-wrap_nowrap ub-just-cnt_center ub-txt-deco_none ub-ver-algn_middle ub-b-btm_1px-solid-c1c4d6 ub-b-lft_1px-solid-c1c4d6 ub-b-rgt_1px-solid-c1c4d6 ub-b-top_1px-solid-c1c4d6 ub-otln_iu2jf4 ub-usr-slct_none ub-crsr_pointer ub-wht-spc_nowrap ub-fnt-fam_b77syt ub-bblr_4px ub-bbrr_4px ub-btlr_4px ub-btrr_4px ub-color_474d66 ub-tstn_n1akt6 ub-h_32px ub-min-w_32px ub-fnt-sze_12px ub-ln-ht_16px ub-pl_0px ub-pr_0px ub-bg-clr_white ub-flx_none ub-w_32px ub-ltr-spc_0 ub-box-szg_border-box"
          type="button"
        >
          <div
            class="ub-dspl_inline-flex ub-box-szg_border-box"
          >
            <svg
              class="css-178dftq ub-w_14px ub-h_14px ub-box-szg_border-box"
              data-icon="calendar"
              viewBox="0 0 16 16"
            >
              <path
                d="M11 3c.6 0 1-.5 1-1V1c0-.6-.4-1-1-1s-1 .4-1 1v1c0 .5.4 1 1 1zm3-2h-1v1c0 1.1-.9 2-2 2s-2-.9-2-2V1H6v1c0 1.1-.9 2-2 2s-2-.9-2-2V1H1c-.6 0-1 .5-1 1v12c0 .6.4 1 1 1h13c.6 0 1-.4 1-1V2c0-.6-.5-1-1-1zM5 13H2v-3h3v3zm0-4H2V6h3v3zm4 4H6v-3h3v3zm0-4H6V6h3v3zm4 4h-3v-3h3v3zm0-4h-3V6h3v3zM4 3c.6 0 1-.5 1-1V1c0-.6-.4-1-1-1S3 .4 3 1v1c0 .5.4 1 1 1z"
                fill-rule="evenodd"
              />
            </svg>
          </div>
        </button>
      </div>
    </div>
  </div>,
  "debug": [Function],
  "findAllByAltText": [Function],
  "findAllByDisplayValue": [Function],
  "findAllByLabelText": [Function],
  "findAllByPlaceholderText": [Function],
  "findAllByRole": [Function],
  "findAllByTestId": [Function],
  "findAllByText": [Function],
  "findAllByTitle": [Function],
  "findByAltText": [Function],
  "findByDisplayValue": [Function],
  "findByLabelText": [Function],
  "findByPlaceholderText": [Function],
  "findByRole": [Function],
  "findByTestId": [Function],
  "findByText": [Function],
  "findByTitle": [Function],
  "getAllByAltText": [Function],
  "getAllByDisplayValue": [Function],
  "getAllByLabelText": [Function],
  "getAllByPlaceholderText": [Function],
  "getAllByRole": [Function],
  "getAllByTestId": [Function],
  "getAllByText": [Function],
  "getAllByTitle": [Function],
  "getByAltText": [Function],
  "getByDisplayValue": [Function],
  "getByLabelText": [Function],
  "getByPlaceholderText": [Function],
  "getByRole": [Function],
  "getByTestId": [Function],
  "getByText": [Function],
  "getByTitle": [Function],
  "queryAllByAltText": [Function],
  "queryAllByDisplayValue": [Function],
  "queryAllByLabelText": [Function],
  "queryAllByPlaceholderText": [Function],
  "queryAllByRole": [Function],
  "queryAllByTestId": [Function],
  "queryAllByText": [Function],
  "queryAllByTitle": [Function],
  "queryByAltText": [Function],
  "queryByDisplayValue": [Function],
  "queryByLabelText": [Function],
  "queryByPlaceholderText": [Function],
  "queryByRole": [Function],
  "queryByTestId": [Function],
  "queryByText": [Function],
  "queryByTitle": [Function],
  "rerender": [Function],
  "unmount": [Function],
}
`;
