// Jest Snapshot v1, https://goo.gl/fbAQLP

exports[`Signup renders Signup component 1`] = `
<div>
  <ReactFinalForm
    onSubmit={[Function]}
    render={[Function]}
  />
</div>
`;
